
> client@0.0.0 build
> tsc -b && vite build

src/components/navigation/Footer.tsx(2,31): error TS2305: Module '"lucide-react"' has no exported member 'Linkedin'.
src/components/navigation/Footer.tsx(2,41): error TS2305: Module '"lucide-react"' has no exported member 'Twitter'.
src/components/navigation/Footer.tsx(3,1): error TS6133: 'motion' is declared but its value is never read.
src/components/navigation/Header.tsx(9,3): error TS6133: 'ChevronDown' is declared but its value is never read.
src/components/navigation/Header.tsx(11,3): error TS6133: 'Search' is declared but its value is never read.
src/components/navigation/Header.tsx(13,3): error TS6133: 'X' is declared but its value is never read.
src/pages/Cart/CartPage.tsx(8,3): error TS6133: 'Zap' is declared but its value is never read.
src/pages/Catalog/ProductDetailPage.tsx(10,3): error TS6133: 'ShoppingCart' is declared but its value is never read.
src/pages/Catalog/ProductDetailPage.tsx(11,3): error TS6133: 'Box' is declared but its value is never read.
src/pages/Catalog/ProductDetailPage.tsx(14,3): error TS6133: 'MessageSquare' is declared but its value is never read.
src/pages/Catalog/ProductDetailPage.tsx(17,3): error TS6133: 'Zap' is declared but its value is never read.
src/pages/Catalog/ProductDetailPage.tsx(19,3): error TS6133: 'Settings' is declared but its value is never read.
src/pages/Catalog/ShopPage.tsx(4,3): error TS6133: 'ShoppingCart' is declared but its value is never read.
src/pages/Catalog/ShopPage.tsx(5,3): error TS6133: 'ChevronDown' is declared but its value is never read.
src/pages/Catalog/ShopPage.tsx(6,3): error TS6133: 'LayoutGrid' is declared but its value is never read.
src/pages/Catalog/ShopPage.tsx(7,3): error TS2305: Module '"lucide-react"' has no exported member 'Trello'.
src/pages/Catalog/ShopPage.tsx(8,3): error TS6133: 'Maximize2' is declared but its value is never read.
src/pages/Home/LandingPage.tsx(8,3): error TS6133: 'Clock' is declared but its value is never read.
src/pages/Home/OrdersPage.tsx(1,71): error TS6133: 'MoreHorizontal' is declared but its value is never read.
src/pages/Home/OrdersPage.tsx(1,97): error TS6133: 'ChevronRight' is declared but its value is never read.
src/pages/Home/ProfilePage.tsx(9,3): error TS6133: 'BarChart3' is declared but its value is never read.
src/pages/Home/ProfilePage.tsx(15,3): error TS6133: 'ChevronRight' is declared but its value is never read.
src/pages/Home/RetailerHome.tsx(2,18): error TS6133: 'AnimatePresence' is declared but its value is never read.
src/pages/Login/AuthPage.tsx(15,3): error TS6133: 'Zap' is declared but its value is never read.
src/pages/Login/AuthPage.tsx(20,3): error TS6133: 'Database' is declared but its value is never read.
src/pages/Login/AuthPage.tsx(21,3): error TS6133: 'Globe' is declared but its value is never read.
